// Jest Snapshot v1, https://goo.gl/fbAQLP

exports[`should render Login page correctly 1`] = `
<div>
  <h1>
    Login 
  </h1>
  <button>
    Login
  </button>
</div>
`;
